user@Linux:~/Itog$ wget https://dev.mysql.com/get/mysql-apt-config_0.8.24-1_all.deb
--2023-10-01 12:58:52--  https://dev.mysql.com/get/mysql-apt-config_0.8.24-1_all.deb
Распознаётся dev.mysql.com (dev.mysql.com)… 23.210.122.183, 2a02:26f0:d8:108f::2e31, 2a02:26f0:d8:1099::2e31
Подключение к dev.mysql.com (dev.mysql.com)|23.210.122.183|:443... соединение установлено.
HTTP-запрос отправлен. Ожидание ответа… 302 Moved Temporarily
Адрес: https://repo.mysql.com//mysql-apt-config_0.8.24-1_all.deb [переход]
--2023-10-01 12:58:52--  https://repo.mysql.com//mysql-apt-config_0.8.24-1_all.deb
Распознаётся repo.mysql.com (repo.mysql.com)… 23.201.249.199, 2a02:26f0:9500:b83::1d68, 2a02:26f0:9500:b8a::1d68
Подключение к repo.mysql.com (repo.mysql.com)|23.201.249.199|:443... соединение установлено.
HTTP-запрос отправлен. Ожидание ответа… 200 OK
Длина: 18048 (18K) [application/x-debian-package]
Сохранение в: ‘mysql-apt-config_0.8.24-1_all.deb’

mysql-apt-config_0.8.24-1_ 100%[======================================>]  17,62K  --.-KB/s    за 0,002s  

2023-10-01 12:58:53 (9,87 MB/s) - ‘mysql-apt-config_0.8.24-1_all.deb’ сохранён [18048/18048]

user@Linux:~/Itog$ cd Загрузки sudo dpkg -i mysql-apt-config_0.8.24-1_all.deb
bash: cd: слишком много аргументов
user@Linux:~/Itog$ cd /
user@Linux:/$ sudo apt-get update
[sudo] пароль для user: 
Сущ:1 http://ru.archive.ubuntu.com/ubuntu jammy InRelease
Пол:2 http://ru.archive.ubuntu.com/ubuntu jammy-updates InRelease [119 kB]
Пол:3 http://security.ubuntu.com/ubuntu jammy-security InRelease [110 kB]                                
Пол:4 http://ru.archive.ubuntu.com/ubuntu jammy-backports InRelease [109 kB]                             
Пол:5 http://nginx.org/packages/ubuntu jammy InRelease [3 587 B]                      
Пол:6 http://ru.archive.ubuntu.com/ubuntu jammy-updates/main i386 Packages [495 kB]                      
Пол:7 http://ru.archive.ubuntu.com/ubuntu jammy-updates/main amd64 Packages [1 014 kB]
Пол:8 http://ru.archive.ubuntu.com/ubuntu jammy-updates/main Translation-en [227 kB]
Пол:9 http://nginx.org/packages/ubuntu jammy/nginx amd64 Packages [13,7 kB]                            
Пол:10 http://ru.archive.ubuntu.com/ubuntu jammy-updates/main amd64 DEP-11 Metadata [101 kB]           
Пол:11 http://ru.archive.ubuntu.com/ubuntu jammy-updates/main DEP-11 48x48 Icons [36,1 kB]         
Пол:12 http://ru.archive.ubuntu.com/ubuntu jammy-updates/main DEP-11 64x64 Icons [55,1 kB]
Пол:13 http://ru.archive.ubuntu.com/ubuntu jammy-updates/main amd64 c-n-f Metadata [15,6 kB]
Пол:14 http://ru.archive.ubuntu.com/ubuntu jammy-updates/restricted i386 Packages [32,4 kB]  
Пол:15 http://ru.archive.ubuntu.com/ubuntu jammy-updates/restricted amd64 Packages [905 kB]
Пол:16 http://ru.archive.ubuntu.com/ubuntu jammy-updates/restricted Translation-en [146 kB]
Пол:17 http://ru.archive.ubuntu.com/ubuntu jammy-updates/restricted amd64 c-n-f Metadata [532 B]
Пол:18 http://ru.archive.ubuntu.com/ubuntu jammy-updates/universe amd64 Packages [987 kB]
Пол:19 http://ru.archive.ubuntu.com/ubuntu jammy-updates/universe i386 Packages [657 kB]
Пол:20 http://security.ubuntu.com/ubuntu jammy-security/main amd64 Packages [804 kB]               
Пол:21 http://ru.archive.ubuntu.com/ubuntu jammy-updates/universe Translation-en [215 kB]          
Пол:22 http://ru.archive.ubuntu.com/ubuntu jammy-updates/universe amd64 DEP-11 Metadata [289 kB]
Пол:23 http://ru.archive.ubuntu.com/ubuntu jammy-updates/universe DEP-11 48x48 Icons [196 kB]      
Пол:24 http://ru.archive.ubuntu.com/ubuntu jammy-updates/universe DEP-11 64x64 Icons [300 kB]      
Пол:25 http://ru.archive.ubuntu.com/ubuntu jammy-updates/universe amd64 c-n-f Metadata [21,9 kB]   
Пол:26 http://ru.archive.ubuntu.com/ubuntu jammy-updates/multiverse i386 Packages [3 888 B]              
Пол:27 http://ru.archive.ubuntu.com/ubuntu jammy-updates/multiverse amd64 Packages [41,6 kB]             
Пол:28 http://ru.archive.ubuntu.com/ubuntu jammy-updates/multiverse Translation-en [9 768 B]             
Пол:29 http://ru.archive.ubuntu.com/ubuntu jammy-updates/multiverse amd64 DEP-11 Metadata [940 B]        
Пол:30 http://ru.archive.ubuntu.com/ubuntu jammy-updates/multiverse amd64 c-n-f Metadata [472 B]    
Пол:31 http://ru.archive.ubuntu.com/ubuntu jammy-backports/main amd64 Packages [41,7 kB]          
Пол:32 http://ru.archive.ubuntu.com/ubuntu jammy-backports/main i386 Packages [33,9 kB]       
Пол:33 http://ru.archive.ubuntu.com/ubuntu jammy-backports/main Translation-en [10,5 kB]      
Пол:34 http://ru.archive.ubuntu.com/ubuntu jammy-backports/main amd64 DEP-11 Metadata [4 932 B]     
Пол:35 http://ru.archive.ubuntu.com/ubuntu jammy-backports/main DEP-11 48x48 Icons [16,1 kB]            
Пол:36 http://ru.archive.ubuntu.com/ubuntu jammy-backports/main DEP-11 64x64 Icons [21,3 kB]            
Пол:37 http://ru.archive.ubuntu.com/ubuntu jammy-backports/main amd64 c-n-f Metadata [388 B]          
Пол:38 http://ru.archive.ubuntu.com/ubuntu jammy-backports/universe i386 Packages [13,4 kB]           
Пол:39 http://ru.archive.ubuntu.com/ubuntu jammy-backports/universe amd64 Packages [24,3 kB]          
Пол:40 http://ru.archive.ubuntu.com/ubuntu jammy-backports/universe Translation-en [16,4 kB]        
Пол:41 http://ru.archive.ubuntu.com/ubuntu jammy-backports/universe amd64 DEP-11 Metadata [17,7 kB]      
Пол:42 http://ru.archive.ubuntu.com/ubuntu jammy-backports/universe DEP-11 48x48 Icons [15,7 kB]         
Пол:43 http://ru.archive.ubuntu.com/ubuntu jammy-backports/universe DEP-11 64x64 Icons [25,6 kB]         
Пол:44 http://ru.archive.ubuntu.com/ubuntu jammy-backports/universe amd64 c-n-f Metadata [640 B]         
Пол:45 http://security.ubuntu.com/ubuntu jammy-security/main i386 Packages [328 kB]                      
Пол:46 http://security.ubuntu.com/ubuntu jammy-security/main Translation-en [169 kB]
Пол:47 http://security.ubuntu.com/ubuntu jammy-security/main amd64 DEP-11 Metadata [42,9 kB]
Пол:48 http://security.ubuntu.com/ubuntu jammy-security/main DEP-11 48x48 Icons [16,9 kB]
Пол:49 http://security.ubuntu.com/ubuntu jammy-security/main DEP-11 64x64 Icons [26,5 kB]
Пол:50 http://security.ubuntu.com/ubuntu jammy-security/main amd64 c-n-f Metadata [11,3 kB]
Пол:51 http://security.ubuntu.com/ubuntu jammy-security/restricted i386 Packages [32,0 kB]
Пол:52 http://security.ubuntu.com/ubuntu jammy-security/restricted amd64 Packages [889 kB]
Пол:53 http://security.ubuntu.com/ubuntu jammy-security/restricted Translation-en [143 kB]
Пол:54 http://security.ubuntu.com/ubuntu jammy-security/restricted amd64 c-n-f Metadata [532 B]
Пол:55 http://security.ubuntu.com/ubuntu jammy-security/universe i386 Packages [559 kB]
Пол:56 http://security.ubuntu.com/ubuntu jammy-security/universe amd64 Packages [785 kB]
Пол:57 http://security.ubuntu.com/ubuntu jammy-security/universe Translation-en [144 kB]
Пол:58 http://security.ubuntu.com/ubuntu jammy-security/universe amd64 DEP-11 Metadata [40,0 kB]
Пол:59 http://security.ubuntu.com/ubuntu jammy-security/universe DEP-11 48x48 Icons [21,4 kB]
Пол:60 http://security.ubuntu.com/ubuntu jammy-security/universe DEP-11 64x64 Icons [33,9 kB]
Пол:61 http://security.ubuntu.com/ubuntu jammy-security/universe amd64 c-n-f Metadata [16,7 kB]
Пол:62 http://security.ubuntu.com/ubuntu jammy-security/multiverse i386 Packages [1 032 B]
Пол:63 http://security.ubuntu.com/ubuntu jammy-security/multiverse amd64 Packages [36,5 kB]
Пол:64 http://security.ubuntu.com/ubuntu jammy-security/multiverse Translation-en [7 060 B]
Пол:65 http://security.ubuntu.com/ubuntu jammy-security/multiverse amd64 c-n-f Metadata [260 B]
Получено 10,5 MB за 2с (4 334 kB/s)        
Чтение списков пакетов… Готово
N: Пропускается получение настроенного файла «nginx/binary-i386/Packages», так как репозиторий «http://nginx.org/packages/ubuntu jammy InRelease» не поддерживает архитектуру «i386»
user@Linux:/$ sudo apt-get install mysql-server
Чтение списков пакетов… Готово
Построение дерева зависимостей… Готово
Чтение информации о состоянии… Готово         
Следующие пакеты устанавливались автоматически и больше не требуются:
  linux-image-5.19.0-32-generic linux-modules-5.19.0-32-generic linux-modules-extra-5.19.0-32-generic
Для их удаления используйте «sudo apt autoremove».
Будут установлены следующие дополнительные пакеты:
  libaio1 libcgi-fast-perl libcgi-pm-perl libevent-core-2.1-7 libevent-pthreads-2.1-7 libfcgi-bin
  libfcgi-perl libfcgi0ldbl libhtml-template-perl libmecab2 libprotobuf-lite23 mecab-ipadic
  mecab-ipadic-utf8 mecab-utils mysql-client-8.0 mysql-client-core-8.0 mysql-common mysql-server-8.0
  mysql-server-core-8.0
Предлагаемые пакеты:
  libipc-sharedcache-perl mailx tinyca
Следующие НОВЫЕ пакеты будут установлены:
  libaio1 libcgi-fast-perl libcgi-pm-perl libevent-core-2.1-7 libevent-pthreads-2.1-7 libfcgi-bin
  libfcgi-perl libfcgi0ldbl libhtml-template-perl libmecab2 libprotobuf-lite23 mecab-ipadic
  mecab-ipadic-utf8 mecab-utils mysql-client-8.0 mysql-client-core-8.0 mysql-common mysql-server
  mysql-server-8.0 mysql-server-core-8.0
Обновлено 0 пакетов, установлено 20 новых пакетов, для удаления отмечено 0 пакетов, и 235 пакетов не обновлено.
Необходимо скачать 29,3 MB архивов.
После данной операции объём занятого дискового пространства возрастёт на 242 MB.
Хотите продолжить? [Д/н] y
Пол:1 http://ru.archive.ubuntu.com/ubuntu jammy/main amd64 mysql-common all 5.8+1.0.8 [7 212 B]
Пол:2 http://ru.archive.ubuntu.com/ubuntu jammy-updates/main amd64 mysql-client-core-8.0 amd64 8.0.34-0ubuntu0.22.04.1 [2 754 kB]
Пол:3 http://ru.archive.ubuntu.com/ubuntu jammy-updates/main amd64 mysql-client-8.0 amd64 8.0.34-0ubuntu0.22.04.1 [22,7 kB]
Пол:4 http://ru.archive.ubuntu.com/ubuntu jammy/main amd64 libaio1 amd64 0.3.112-13build1 [7 176 B]
Пол:5 http://ru.archive.ubuntu.com/ubuntu jammy/main amd64 libevent-core-2.1-7 amd64 2.1.12-stable-1build3 [93,9 kB]
Пол:6 http://ru.archive.ubuntu.com/ubuntu jammy/main amd64 libevent-pthreads-2.1-7 amd64 2.1.12-stable-1build3 [7 642 B]
Пол:7 http://ru.archive.ubuntu.com/ubuntu jammy/main amd64 libmecab2 amd64 0.996-14build9 [199 kB]
Пол:8 http://ru.archive.ubuntu.com/ubuntu jammy-updates/main amd64 libprotobuf-lite23 amd64 3.12.4-1ubuntu7.22.04.1 [209 kB]
Пол:9 http://ru.archive.ubuntu.com/ubuntu jammy-updates/main amd64 mysql-server-core-8.0 amd64 8.0.34-0ubuntu0.22.04.1 [17,5 MB]
Пол:10 http://ru.archive.ubuntu.com/ubuntu jammy-updates/main amd64 mysql-server-8.0 amd64 8.0.34-0ubuntu0.22.04.1 [1 437 kB]
Пол:11 http://ru.archive.ubuntu.com/ubuntu jammy/main amd64 libcgi-pm-perl all 4.54-1 [188 kB]
Пол:12 http://ru.archive.ubuntu.com/ubuntu jammy/main amd64 libfcgi0ldbl amd64 2.4.2-2build2 [28,0 kB]
Пол:13 http://ru.archive.ubuntu.com/ubuntu jammy/main amd64 libfcgi-perl amd64 0.82+ds-1build1 [22,8 kB]
Пол:14 http://ru.archive.ubuntu.com/ubuntu jammy/main amd64 libcgi-fast-perl all 1:2.15-1 [10,5 kB]
Пол:15 http://ru.archive.ubuntu.com/ubuntu jammy/main amd64 libfcgi-bin amd64 2.4.2-2build2 [11,2 kB]
Пол:16 http://ru.archive.ubuntu.com/ubuntu jammy/main amd64 libhtml-template-perl all 2.97-1.1 [59,1 kB]
Пол:17 http://ru.archive.ubuntu.com/ubuntu jammy/main amd64 mecab-utils amd64 0.996-14build9 [4 850 B]
Пол:18 http://ru.archive.ubuntu.com/ubuntu jammy/main amd64 mecab-ipadic all 2.7.0-20070801+main-3 [6 718 kB]
Пол:19 http://ru.archive.ubuntu.com/ubuntu jammy/main amd64 mecab-ipadic-utf8 all 2.7.0-20070801+main-3 [4 384 B]
Пол:20 http://ru.archive.ubuntu.com/ubuntu jammy-updates/main amd64 mysql-server all 8.0.34-0ubuntu0.22.04.1 [9 460 B]
Получено 29,3 MB за 1с (26,9 MB/s)    
Предварительная настройка пакетов …
Выбор ранее не выбранного пакета mysql-common.
(Чтение базы данных … на данный момент установлено 249846 файлов и каталогов.)
Подготовка к распаковке …/0-mysql-common_5.8+1.0.8_all.deb …
Распаковывается mysql-common (5.8+1.0.8) …
Выбор ранее не выбранного пакета mysql-client-core-8.0.
Подготовка к распаковке …/1-mysql-client-core-8.0_8.0.34-0ubuntu0.22.04.1_amd64.deb …
Распаковывается mysql-client-core-8.0 (8.0.34-0ubuntu0.22.04.1) …
Выбор ранее не выбранного пакета mysql-client-8.0.
Подготовка к распаковке …/2-mysql-client-8.0_8.0.34-0ubuntu0.22.04.1_amd64.deb …
Распаковывается mysql-client-8.0 (8.0.34-0ubuntu0.22.04.1) …
Выбор ранее не выбранного пакета libaio1:amd64.
Подготовка к распаковке …/3-libaio1_0.3.112-13build1_amd64.deb …
Распаковывается libaio1:amd64 (0.3.112-13build1) …
Выбор ранее не выбранного пакета libevent-core-2.1-7:amd64.
Подготовка к распаковке …/4-libevent-core-2.1-7_2.1.12-stable-1build3_amd64.deb …
Распаковывается libevent-core-2.1-7:amd64 (2.1.12-stable-1build3) …
Выбор ранее не выбранного пакета libevent-pthreads-2.1-7:amd64.
Подготовка к распаковке …/5-libevent-pthreads-2.1-7_2.1.12-stable-1build3_amd64.deb …
Распаковывается libevent-pthreads-2.1-7:amd64 (2.1.12-stable-1build3) …
Выбор ранее не выбранного пакета libmecab2:amd64.
Подготовка к распаковке …/6-libmecab2_0.996-14build9_amd64.deb …
Распаковывается libmecab2:amd64 (0.996-14build9) …
Выбор ранее не выбранного пакета libprotobuf-lite23:amd64.
Подготовка к распаковке …/7-libprotobuf-lite23_3.12.4-1ubuntu7.22.04.1_amd64.deb …
Распаковывается libprotobuf-lite23:amd64 (3.12.4-1ubuntu7.22.04.1) …
Выбор ранее не выбранного пакета mysql-server-core-8.0.
Подготовка к распаковке …/8-mysql-server-core-8.0_8.0.34-0ubuntu0.22.04.1_amd64.deb …
Распаковывается mysql-server-core-8.0 (8.0.34-0ubuntu0.22.04.1) …
Настраивается пакет mysql-common (5.8+1.0.8) …
update-alternatives: используется /etc/mysql/my.cnf.fallback для предоставления /etc/mysql/my.cnf (my.cnf) в автоматическом режиме
Выбор ранее не выбранного пакета mysql-server-8.0.
(Чтение базы данных … на данный момент установлено 250070 файлов и каталогов.)
Подготовка к распаковке …/00-mysql-server-8.0_8.0.34-0ubuntu0.22.04.1_amd64.deb …
Распаковывается mysql-server-8.0 (8.0.34-0ubuntu0.22.04.1) …
Выбор ранее не выбранного пакета libcgi-pm-perl.
Подготовка к распаковке …/01-libcgi-pm-perl_4.54-1_all.deb …
Распаковывается libcgi-pm-perl (4.54-1) …
Выбор ранее не выбранного пакета libfcgi0ldbl:amd64.
Подготовка к распаковке …/02-libfcgi0ldbl_2.4.2-2build2_amd64.deb …
Распаковывается libfcgi0ldbl:amd64 (2.4.2-2build2) …
Выбор ранее не выбранного пакета libfcgi-perl:amd64.
Подготовка к распаковке …/03-libfcgi-perl_0.82+ds-1build1_amd64.deb …
Распаковывается libfcgi-perl:amd64 (0.82+ds-1build1) …
Выбор ранее не выбранного пакета libcgi-fast-perl.
Подготовка к распаковке …/04-libcgi-fast-perl_1%3a2.15-1_all.deb …
Распаковывается libcgi-fast-perl (1:2.15-1) …
Выбор ранее не выбранного пакета libfcgi-bin.
Подготовка к распаковке …/05-libfcgi-bin_2.4.2-2build2_amd64.deb …
Распаковывается libfcgi-bin (2.4.2-2build2) …
Выбор ранее не выбранного пакета libhtml-template-perl.
Подготовка к распаковке …/06-libhtml-template-perl_2.97-1.1_all.deb …
Распаковывается libhtml-template-perl (2.97-1.1) …
Выбор ранее не выбранного пакета mecab-utils.
Подготовка к распаковке …/07-mecab-utils_0.996-14build9_amd64.deb …
Распаковывается mecab-utils (0.996-14build9) …
Выбор ранее не выбранного пакета mecab-ipadic.
Подготовка к распаковке …/08-mecab-ipadic_2.7.0-20070801+main-3_all.deb …
Распаковывается mecab-ipadic (2.7.0-20070801+main-3) …
Выбор ранее не выбранного пакета mecab-ipadic-utf8.
Подготовка к распаковке …/09-mecab-ipadic-utf8_2.7.0-20070801+main-3_all.deb …
Распаковывается mecab-ipadic-utf8 (2.7.0-20070801+main-3) …
Выбор ранее не выбранного пакета mysql-server.
Подготовка к распаковке …/10-mysql-server_8.0.34-0ubuntu0.22.04.1_all.deb …
Распаковывается mysql-server (8.0.34-0ubuntu0.22.04.1) …
Настраивается пакет libmecab2:amd64 (0.996-14build9) …
Настраивается пакет mysql-client-core-8.0 (8.0.34-0ubuntu0.22.04.1) …
Настраивается пакет libfcgi0ldbl:amd64 (2.4.2-2build2) …
Настраивается пакет libcgi-pm-perl (4.54-1) …
Настраивается пакет libfcgi-bin (2.4.2-2build2) …
Настраивается пакет libhtml-template-perl (2.97-1.1) …
Настраивается пакет libprotobuf-lite23:amd64 (3.12.4-1ubuntu7.22.04.1) …
Настраивается пакет mecab-utils (0.996-14build9) …
Настраивается пакет libevent-core-2.1-7:amd64 (2.1.12-stable-1build3) …
Настраивается пакет mysql-client-8.0 (8.0.34-0ubuntu0.22.04.1) …
Настраивается пакет libfcgi-perl:amd64 (0.82+ds-1build1) …
Настраивается пакет libaio1:amd64 (0.3.112-13build1) …
Настраивается пакет libevent-pthreads-2.1-7:amd64 (2.1.12-stable-1build3) …
Настраивается пакет mecab-ipadic (2.7.0-20070801+main-3) …
Compiling IPA dictionary for Mecab.  This takes long time...
reading /usr/share/mecab/dic/ipadic/unk.def ... 40
emitting double-array: 100% |###########################################| 
/usr/share/mecab/dic/ipadic/model.def is not found. skipped.
reading /usr/share/mecab/dic/ipadic/Noun.nai.csv ... 42
reading /usr/share/mecab/dic/ipadic/Noun.place.csv ... 72999
reading /usr/share/mecab/dic/ipadic/Noun.others.csv ... 151
reading /usr/share/mecab/dic/ipadic/Postp-col.csv ... 91
reading /usr/share/mecab/dic/ipadic/Adnominal.csv ... 135
reading /usr/share/mecab/dic/ipadic/Noun.csv ... 60477
reading /usr/share/mecab/dic/ipadic/Postp.csv ... 146
reading /usr/share/mecab/dic/ipadic/Noun.proper.csv ... 27328
reading /usr/share/mecab/dic/ipadic/Adverb.csv ... 3032
reading /usr/share/mecab/dic/ipadic/Noun.number.csv ... 42
reading /usr/share/mecab/dic/ipadic/Noun.verbal.csv ... 12146
reading /usr/share/mecab/dic/ipadic/Noun.adverbal.csv ... 795
reading /usr/share/mecab/dic/ipadic/Conjunction.csv ... 171
reading /usr/share/mecab/dic/ipadic/Noun.name.csv ... 34202
reading /usr/share/mecab/dic/ipadic/Symbol.csv ... 208
reading /usr/share/mecab/dic/ipadic/Interjection.csv ... 252
reading /usr/share/mecab/dic/ipadic/Others.csv ... 2
reading /usr/share/mecab/dic/ipadic/Verb.csv ... 130750
reading /usr/share/mecab/dic/ipadic/Noun.demonst.csv ... 120
reading /usr/share/mecab/dic/ipadic/Adj.csv ... 27210
reading /usr/share/mecab/dic/ipadic/Prefix.csv ... 221
reading /usr/share/mecab/dic/ipadic/Filler.csv ... 19
reading /usr/share/mecab/dic/ipadic/Suffix.csv ... 1393
reading /usr/share/mecab/dic/ipadic/Noun.adjv.csv ... 3328
reading /usr/share/mecab/dic/ipadic/Noun.org.csv ... 16668
reading /usr/share/mecab/dic/ipadic/Auxil.csv ... 199
emitting double-array: 100% |###########################################| 
reading /usr/share/mecab/dic/ipadic/matrix.def ... 1316x1316
emitting matrix      : 100% |###########################################| 

done!
update-alternatives: используется /var/lib/mecab/dic/ipadic для предоставления /var/lib/mecab/dic/debian (mecab-dictionary) в автоматическом режиме
Настраивается пакет libcgi-fast-perl (1:2.15-1) …
Настраивается пакет mysql-server-core-8.0 (8.0.34-0ubuntu0.22.04.1) …
Настраивается пакет mecab-ipadic-utf8 (2.7.0-20070801+main-3) …
Compiling IPA dictionary for Mecab.  This takes long time...
reading /usr/share/mecab/dic/ipadic/unk.def ... 40
emitting double-array: 100% |###########################################| 
/usr/share/mecab/dic/ipadic/model.def is not found. skipped.
reading /usr/share/mecab/dic/ipadic/Noun.nai.csv ... 42
reading /usr/share/mecab/dic/ipadic/Noun.place.csv ... 72999
reading /usr/share/mecab/dic/ipadic/Noun.others.csv ... 151
reading /usr/share/mecab/dic/ipadic/Postp-col.csv ... 91
reading /usr/share/mecab/dic/ipadic/Adnominal.csv ... 135
reading /usr/share/mecab/dic/ipadic/Noun.csv ... 60477
reading /usr/share/mecab/dic/ipadic/Postp.csv ... 146
reading /usr/share/mecab/dic/ipadic/Noun.proper.csv ... 27328
reading /usr/share/mecab/dic/ipadic/Adverb.csv ... 3032
reading /usr/share/mecab/dic/ipadic/Noun.number.csv ... 42
reading /usr/share/mecab/dic/ipadic/Noun.verbal.csv ... 12146
reading /usr/share/mecab/dic/ipadic/Noun.adverbal.csv ... 795
reading /usr/share/mecab/dic/ipadic/Conjunction.csv ... 171
reading /usr/share/mecab/dic/ipadic/Noun.name.csv ... 34202
reading /usr/share/mecab/dic/ipadic/Symbol.csv ... 208
reading /usr/share/mecab/dic/ipadic/Interjection.csv ... 252
reading /usr/share/mecab/dic/ipadic/Others.csv ... 2
reading /usr/share/mecab/dic/ipadic/Verb.csv ... 130750
reading /usr/share/mecab/dic/ipadic/Noun.demonst.csv ... 120
reading /usr/share/mecab/dic/ipadic/Adj.csv ... 27210
reading /usr/share/mecab/dic/ipadic/Prefix.csv ... 221
reading /usr/share/mecab/dic/ipadic/Filler.csv ... 19
reading /usr/share/mecab/dic/ipadic/Suffix.csv ... 1393
reading /usr/share/mecab/dic/ipadic/Noun.adjv.csv ... 3328
reading /usr/share/mecab/dic/ipadic/Noun.org.csv ... 16668
reading /usr/share/mecab/dic/ipadic/Auxil.csv ... 199
emitting double-array: 100% |###########################################| 
reading /usr/share/mecab/dic/ipadic/matrix.def ... 1316x1316
emitting matrix      : 100% |###########################################| 

done!
update-alternatives: используется /var/lib/mecab/dic/ipadic-utf8 для предоставления /var/lib/mecab/dic/debian (mecab-dictionary) в автоматическом режиме
Настраивается пакет mysql-server-8.0 (8.0.34-0ubuntu0.22.04.1) …
update-alternatives: используется /etc/mysql/mysql.cnf для предоставления /etc/mysql/my.cnf (my.cnf) в автоматическом режиме
Renaming removed key_buffer and myisam-recover options (if present)
mysqld will log errors to /var/log/mysql/error.log
mysqld is running as pid 5265
Created symlink /etc/systemd/system/multi-user.target.wants/mysql.service → /lib/systemd/system/mysql.service.
Настраивается пакет mysql-server (8.0.34-0ubuntu0.22.04.1) …
Обрабатываются триггеры для man-db (2.10.2-1) …
Обрабатываются триггеры для libc-bin (2.35-0ubuntu3.1) …
user@Linux:/$ systemctl status mysq
Unit mysq.service could not be found.
user@Linux:/$ systemctl status mysql
● mysql.service - MySQL Community Server
     Loaded: loaded (/lib/systemd/system/mysql.service; enabled; vendor preset: enabled)
     Active: active (running) since Sun 2023-10-01 13:01:45 +04; 1min 35s ago
    Process: 5447 ExecStartPre=/usr/share/mysql/mysql-systemd-start pre (code=exited, status=0/SUCCESS)
   Main PID: 5476 (mysqld)
     Status: "Server is operational"
      Tasks: 37 (limit: 2262)
     Memory: 358.9M
        CPU: 910ms
     CGroup: /system.slice/mysql.service
             └─5476 /usr/sbin/mysqld
user@Linux:/$ wget https://dev.mysql.com/get/Downloads/Connector-J/mysql-connector-j_8.0.32-1ubuntu22.04_all.deb
--2023-10-01 13:03:48--  https://dev.mysql.com/get/Downloads/Connector-J/mysql-connector-j_8.0.32-1ubuntu22.04_all.deb
Распознаётся dev.mysql.com (dev.mysql.com)… 23.210.122.183, 2a02:26f0:d8:108f::2e31, 2a02:26f0:d8:1099::2e31
Подключение к dev.mysql.com (dev.mysql.com)|23.210.122.183|:443... соединение установлено.
HTTP-запрос отправлен. Ожидание ответа… 302 Moved Temporarily
Адрес: https://cdn.mysql.com//Downloads/Connector-J/mysql-connector-j_8.0.32-1ubuntu22.04_all.deb [переход]
--2023-10-01 13:03:49--  https://cdn.mysql.com//Downloads/Connector-J/mysql-connector-j_8.0.32-1ubuntu22.04_all.deb
Распознаётся cdn.mysql.com (cdn.mysql.com)… 23.37.58.58, 2a02:26f0:d8:108e::1d68, 2a02:26f0:d8:1096::1d68
Подключение к cdn.mysql.com (cdn.mysql.com)|23.37.58.58|:443... соединение установлено.
HTTP-запрос отправлен. Ожидание ответа… 200 OK
Длина: 2429088 (2,3M) [application/x-debian-package]
mysql-connector-j_8.0.32-1ubuntu22.04_all.deb: Отказано в доступе

Невозможно записать в ‘mysql-connector-j_8.0.32-1ubuntu22.04_all.deb’ (Выполнено).
user@Linux:/$ sudo dpkg - i mysql-connector-j_8.0.32-1ubuntu22.04_all.deb
dpkg: ошибка: укажите требуемое действие

Справка по установке и удалению пакетов доступна по команде dpkg --help [*];
Программа «apt» или «aptitude» предоставляет дружественный интерфейс
управления пакетами;
Чтобы получить список значений флагов отладки dpkg, введите dpkg -Dhelp;
Чтобы получить информацию об игнорировании проблем, введите dpkg --force-help;
Чтобы получить справку по работе с файлами *.deb, введите dpkg-deb --help;

Команды, отмеченные [*], выводят большое количество информации.
Объедините их в конвейер с программами «less» или «more»!
user@Linux:/$ wget https://dbeaver.io/files/dbeaver-ce_latest_amd64.deb
--2023-10-01 13:06:45--  https://dbeaver.io/files/dbeaver-ce_latest_amd64.deb
Распознаётся dbeaver.io (dbeaver.io)… 104.131.190.124
Подключение к dbeaver.io (dbeaver.io)|104.131.190.124|:443... соединение установлено.
HTTP-запрос отправлен. Ожидание ответа… 302 Moved Temporarily
Адрес: https://dbeaver.io/files/23.2.1/dbeaver-ce_23.2.1_amd64.deb [переход]
--2023-10-01 13:06:45--  https://dbeaver.io/files/23.2.1/dbeaver-ce_23.2.1_amd64.deb
Повторное использование соединения с dbeaver.io:443.
HTTP-запрос отправлен. Ожидание ответа… 302 Moved Temporarily
Адрес: https://download.dbeaver.com/community/23.2.1/dbeaver-ce_23.2.1_amd64.deb [переход]
--2023-10-01 13:06:46--  https://download.dbeaver.com/community/23.2.1/dbeaver-ce_23.2.1_amd64.deb
Распознаётся download.dbeaver.com (download.dbeaver.com)… 205.185.216.10, 205.185.216.42
Подключение к download.dbeaver.com (download.dbeaver.com)|205.185.216.10|:443... соединение установлено.
HTTP-запрос отправлен. Ожидание ответа… 200 OK
Длина: 124414150 (119M) [application/vnd.debian.binary-package]
dbeaver-ce_latest_amd64.deb: Отказано в доступе

Невозможно записать в ‘dbeaver-ce_latest_amd64.deb’ (Выполнено).
user@Linux:/$ sudo apt install ./dbeaver-ce_latest_amd64.deb
Чтение списков пакетов… Готово
E: В командной строке указан неподдерживаемый файл ./dbeaver-ce_latest_amd64.deb
user@Linux:/$ sudo dpkg -i ./dbeaver-ce_latest_amd64.deb
dpkg: ошибка: нет доступа к архиву «./dbeaver-ce_latest_amd64.deb»: Нет такого файла или каталога
user@Linux:/$ sudo apt install gdebi
Чтение списков пакетов… Готово
Построение дерева зависимостей… Готово
Чтение информации о состоянии… Готово         
Следующие пакеты устанавливались автоматически и больше не требуются:
  linux-image-5.19.0-32-generic linux-modules-5.19.0-32-generic linux-modules-extra-5.19.0-32-generic
Для их удаления используйте «sudo apt autoremove».
Будут установлены следующие дополнительные пакеты:
  diffstat gdebi-core gettext gnome-icon-theme intltool-debian libaliased-perl libapt-pkg-perl
  libarchive-zip-perl libb-hooks-endofscope-perl libb-hooks-op-check-perl libcapture-tiny-perl
  libclass-data-inheritable-perl libclass-method-modifiers-perl libclass-xsaccessor-perl
  libconfig-tiny-perl libconst-fast-perl libcpanel-json-xs-perl libdata-dpath-perl
  libdata-messagepack-perl libdata-optlist-perl libdata-validate-domain-perl libdata-validate-ip-perl
  libdata-validate-uri-perl libdevel-callchecker-perl libdevel-size-perl libdevel-stacktrace-perl
  libdynaloader-functions-perl libemail-address-xs-perl libexception-class-perl libexporter-tiny-perl
  libfile-find-rule-perl libfont-ttf-perl libhtml-html5-entities-perl libimport-into-perl
  libio-interactive-perl libio-prompt-tiny-perl libio-string-perl libipc-run3-perl libiterator-perl
  libiterator-util-perl libjson-maybexs-perl liblist-compare-perl liblist-moreutils-perl
  liblist-moreutils-xs-perl liblist-someutils-perl liblist-someutils-xs-perl liblist-utilsby-perl
  libmarkdown2 libmath-base85-perl libmodule-implementation-perl libmodule-runtime-perl libmoo-perl
  libmoox-aliases-perl libmouse-perl libnamespace-clean-perl libnet-domain-tld-perl libnet-ipv6addr-perl
  libnet-netmask-perl libnetaddr-ip-perl libnumber-compare-perl libpackage-stash-perl
  libpackage-stash-xs-perl libparams-classify-perl libparams-util-perl libpath-tiny-perl
  libperlio-gzip-perl libperlio-utf8-strict-perl libproc-processtable-perl librole-tiny-perl
  libsereal-decoder-perl libsereal-encoder-perl libsocket6-perl libsort-versions-perl libstrictures-perl
  libsub-exporter-perl libsub-exporter-progressive-perl libsub-identify-perl libsub-install-perl
  libsub-name-perl libsub-quote-perl libsyntax-keyword-try-perl libterm-readkey-perl libtext-glob-perl
  libtext-levenshteinxs-perl libtext-markdown-discount-perl libtext-xslate-perl libtime-duration-perl
  libtime-moment-perl libunicode-utf8-perl libvariable-magic-perl libxml-libxml-perl
  libxml-namespacesupport-perl libxml-sax-base-perl libxml-sax-expat-perl libxml-sax-perl
  libxs-parse-keyword-perl libyaml-libyaml-perl lintian lzip lzop patchutils t1utils
Предлагаемые пакеты:
  gettext-doc autopoint libasprintf-dev libgettextpo-dev libscalar-number-perl
  libbareword-filehandles-perl libindirect-perl libmultidimensional-perl libxml-sax-expatxs-perl
  binutils-multiarch libtext-template-perl
Рекомендуемые пакеты:
  libgtk2-perl
Следующие НОВЫЕ пакеты будут установлены:
  diffstat gdebi gdebi-core gettext gnome-icon-theme intltool-debian libaliased-perl libapt-pkg-perl
  libarchive-zip-perl libb-hooks-endofscope-perl libb-hooks-op-check-perl libcapture-tiny-perl
  libclass-data-inheritable-perl libclass-method-modifiers-perl libclass-xsaccessor-perl
  libconfig-tiny-perl libconst-fast-perl libcpanel-json-xs-perl libdata-dpath-perl
  libdata-messagepack-perl libdata-optlist-perl libdata-validate-domain-perl libdata-validate-ip-perl
  libdata-validate-uri-perl libdevel-callchecker-perl libdevel-size-perl libdevel-stacktrace-perl
  libdynaloader-functions-perl libemail-address-xs-perl libexception-class-perl libexporter-tiny-perl
  libfile-find-rule-perl libfont-ttf-perl libhtml-html5-entities-perl libimport-into-perl
  libio-interactive-perl libio-prompt-tiny-perl libio-string-perl libipc-run3-perl libiterator-perl
  libiterator-util-perl libjson-maybexs-perl liblist-compare-perl liblist-moreutils-perl
  liblist-moreutils-xs-perl liblist-someutils-perl liblist-someutils-xs-perl liblist-utilsby-perl
  libmarkdown2 libmath-base85-perl libmodule-implementation-perl libmodule-runtime-perl libmoo-perl
  libmoox-aliases-perl libmouse-perl libnamespace-clean-perl libnet-domain-tld-perl libnet-ipv6addr-perl
  libnet-netmask-perl libnetaddr-ip-perl libnumber-compare-perl libpackage-stash-perl
  libpackage-stash-xs-perl libparams-classify-perl libparams-util-perl libpath-tiny-perl
  libperlio-gzip-perl libperlio-utf8-strict-perl libproc-processtable-perl librole-tiny-perl
  libsereal-decoder-perl libsereal-encoder-perl libsocket6-perl libsort-versions-perl libstrictures-perl
  libsub-exporter-perl libsub-exporter-progressive-perl libsub-identify-perl libsub-install-perl
  libsub-name-perl libsub-quote-perl libsyntax-keyword-try-perl libterm-readkey-perl libtext-glob-perl
  libtext-levenshteinxs-perl libtext-markdown-discount-perl libtext-xslate-perl libtime-duration-perl
  libtime-moment-perl libunicode-utf8-perl libvariable-magic-perl libxml-libxml-perl
  libxml-namespacesupport-perl libxml-sax-base-perl libxml-sax-expat-perl libxml-sax-perl
  libxs-parse-keyword-perl libyaml-libyaml-perl lintian lzip lzop patchutils t1utils
Обновлено 0 пакетов, установлено 103 новых пакетов, для удаления отмечено 0 пакетов, и 235 пакетов не обновлено.
Необходимо скачать 15,4 MB архивов.
После данной операции объём занятого дискового пространства возрастёт на 38,4 MB.
Хотите продолжить? [Д/н] y
Пол:1 http://ru.archive.ubuntu.com/ubuntu jammy/main amd64 diffstat amd64 1.64-1build2 [29,2 kB]
Пол:2 http://ru.archive.ubuntu.com/ubuntu jammy/universe amd64 gdebi-core all 0.9.5.7+nmu6 [133 kB]
Пол:3 http://ru.archive.ubuntu.com/ubuntu jammy/universe amd64 gnome-icon-theme all 3.12.0-4 [9 618 kB]
Пол:4 http://ru.archive.ubuntu.com/ubuntu jammy/universe amd64 gdebi all 0.9.5.7+nmu6 [24,1 kB]
Пол:5 http://ru.archive.ubuntu.com/ubuntu jammy/main amd64 gettext amd64 0.21-4ubuntu4 [868 kB]
Пол:6 http://ru.archive.ubuntu.com/ubuntu jammy/main amd64 intltool-debian all 0.35.0+20060710.5 [24,9 kB]
Пол:7 http://ru.archive.ubuntu.com/ubuntu jammy/main amd64 libaliased-perl all 0.34-1.1 [13,3 kB]
Пол:8 http://ru.archive.ubuntu.com/ubuntu jammy/main amd64 libapt-pkg-perl amd64 0.1.40build2 [72,5 kB]
Пол:9 http://ru.archive.ubuntu.com/ubuntu jammy/main amd64 libarchive-zip-perl all 1.68-1 [90,2 kB]
Пол:10 http://ru.archive.ubuntu.com/ubuntu jammy/main amd64 libb-hooks-op-check-perl amd64 0.22-1build5 [10,3 kB]
Пол:11 http://ru.archive.ubuntu.com/ubuntu jammy/main amd64 libdynaloader-functions-perl all 0.003-1.1 [12,1 kB]
Пол:12 http://ru.archive.ubuntu.com/ubuntu jammy/main amd64 libdevel-callchecker-perl amd64 0.008-1ubuntu4 [14,9 kB]
Пол:13 http://ru.archive.ubuntu.com/ubuntu jammy/main amd64 libparams-classify-perl amd64 0.015-1build5 [22,0 kB]
Пол:14 http://ru.archive.ubuntu.com/ubuntu jammy/main amd64 libmodule-runtime-perl all 0.016-1 [16,2 kB]
Пол:15 http://ru.archive.ubuntu.com/ubuntu jammy/main amd64 libmodule-implementation-perl all 0.09-1.1 [11,6 kB]
Пол:16 http://ru.archive.ubuntu.com/ubuntu jammy/main amd64 libsub-exporter-progressive-perl all 0.001013-1 [6 784 B]
Пол:17 http://ru.archive.ubuntu.com/ubuntu jammy/main amd64 libvariable-magic-perl amd64 0.62-1build5 [35,9 kB]
Пол:18 http://ru.archive.ubuntu.com/ubuntu jammy/main amd64 libb-hooks-endofscope-perl all 0.25-1 [17,8 kB]
Пол:19 http://ru.archive.ubuntu.com/ubuntu jammy/main amd64 libcapture-tiny-perl all 0.48-1 [20,4 kB]
Пол:20 http://ru.archive.ubuntu.com/ubuntu jammy/main amd64 libclass-data-inheritable-perl all 0.08-3 [8 084 B]
Пол:21 http://ru.archive.ubuntu.com/ubuntu jammy/main amd64 libclass-method-modifiers-perl all 2.13-1 [16,2 kB]
Пол:22 http://ru.archive.ubuntu.com/ubuntu jammy/main amd64 libclass-xsaccessor-perl amd64 1.19-3build9 [34,1 kB]
Пол:23 http://ru.archive.ubuntu.com/ubuntu jammy/main amd64 libconfig-tiny-perl all 2.28-1 [13,1 kB]
Пол:24 http://ru.archive.ubuntu.com/ubuntu jammy/main amd64 libparams-util-perl amd64 1.102-1build3 [22,7 kB]
Пол:25 http://ru.archive.ubuntu.com/ubuntu jammy/main amd64 libsub-install-perl all 0.928-1.1 [9 972 B]
Пол:26 http://ru.archive.ubuntu.com/ubuntu jammy/main amd64 libdata-optlist-perl all 0.112-1 [11,0 kB]
Пол:27 http://ru.archive.ubuntu.com/ubuntu jammy/main amd64 libsub-exporter-perl all 0.988-1 [50,6 kB]
Пол:28 http://ru.archive.ubuntu.com/ubuntu jammy/main amd64 libconst-fast-perl all 0.014-1.1 [7 756 B]
Пол:29 http://ru.archive.ubuntu.com/ubuntu jammy/main amd64 libcpanel-json-xs-perl amd64 4.27-1build1 [114 kB]
Пол:30 http://ru.archive.ubuntu.com/ubuntu jammy/main amd64 libdevel-stacktrace-perl all 2.0400-1 [22,7 kB]
Пол:31 http://ru.archive.ubuntu.com/ubuntu jammy/main amd64 libexception-class-perl all 1.45-1 [28,6 kB]
Пол:32 http://ru.archive.ubuntu.com/ubuntu jammy/main amd64 libiterator-perl all 0.03+ds1-1.1 [18,2 kB]
Пол:33 http://ru.archive.ubuntu.com/ubuntu jammy/main amd64 libiterator-util-perl all 0.02+ds1-1.1 [13,6 kB]
Пол:34 http://ru.archive.ubuntu.com/ubuntu jammy/main amd64 libexporter-tiny-perl all 1.002002-1 [36,2 kB]
Пол:35 http://ru.archive.ubuntu.com/ubuntu jammy/main amd64 liblist-moreutils-xs-perl amd64 0.430-2build2 [41,9 kB]
Пол:36 http://ru.archive.ubuntu.com/ubuntu jammy/main amd64 liblist-moreutils-perl all 0.430-2 [38,2 kB]
Пол:37 http://ru.archive.ubuntu.com/ubuntu jammy/main amd64 libdata-dpath-perl all 0.58-1 [38,8 kB]
Пол:38 http://ru.archive.ubuntu.com/ubuntu jammy/main amd64 libdata-messagepack-perl amd64 1.01-2build1 [34,7 kB]
Пол:39 http://ru.archive.ubuntu.com/ubuntu jammy/main amd64 libnet-domain-tld-perl all 1.75-1.1 [29,3 kB]
Пол:40 http://ru.archive.ubuntu.com/ubuntu jammy/main amd64 libdata-validate-domain-perl all 0.10-1.1 [9 992 B]
Пол:41 http://ru.archive.ubuntu.com/ubuntu jammy/main amd64 libnet-ipv6addr-perl all 1.02-1 [21,0 kB]
Пол:42 http://ru.archive.ubuntu.com/ubuntu jammy/main amd64 libnet-netmask-perl all 2.0001-1 [27,7 kB]
Пол:43 http://ru.archive.ubuntu.com/ubuntu jammy/main amd64 libnetaddr-ip-perl amd64 4.079+dfsg-1build7 [82,4 kB]
Пол:44 http://ru.archive.ubuntu.com/ubuntu jammy/main amd64 libdata-validate-ip-perl all 0.30-1 [17,3 kB]
Пол:45 http://ru.archive.ubuntu.com/ubuntu jammy/main amd64 libdata-validate-uri-perl all 0.07-2 [11,1 kB]
Пол:46 http://ru.archive.ubuntu.com/ubuntu jammy/main amd64 libemail-address-xs-perl amd64 1.04-1build6 [28,7 kB]
Пол:47 http://ru.archive.ubuntu.com/ubuntu jammy/main amd64 libnumber-compare-perl all 0.03-2 [7 058 B]
Пол:48 http://ru.archive.ubuntu.com/ubuntu jammy/main amd64 libtext-glob-perl all 0.11-2 [8 042 B]
Пол:49 http://ru.archive.ubuntu.com/ubuntu jammy/main amd64 libfile-find-rule-perl all 0.34-1 [28,3 kB]
Пол:50 http://ru.archive.ubuntu.com/ubuntu jammy/main amd64 libio-string-perl all 1.08-3.1 [10,7 kB]
Пол:51 http://ru.archive.ubuntu.com/ubuntu jammy/main amd64 libfont-ttf-perl all 1.06-1.1 [316 kB]
Пол:52 http://ru.archive.ubuntu.com/ubuntu jammy/main amd64 libhtml-html5-entities-perl all 0.004-1.1 [20,8 kB]
Пол:53 http://ru.archive.ubuntu.com/ubuntu jammy/main amd64 libimport-into-perl all 1.002005-1 [11,0 kB]
Пол:54 http://ru.archive.ubuntu.com/ubuntu jammy/main amd64 libio-interactive-perl all 1.023-1 [10,4 kB]
Пол:55 http://ru.archive.ubuntu.com/ubuntu jammy/main amd64 libio-prompt-tiny-perl all 0.003-1 [8 924 B]
Пол:56 http://ru.archive.ubuntu.com/ubuntu jammy/main amd64 libjson-maybexs-perl all 1.004003-1 [11,3 kB]
Пол:57 http://ru.archive.ubuntu.com/ubuntu jammy/main amd64 liblist-compare-perl all 0.55-1 [63,3 kB]
Пол:58 http://ru.archive.ubuntu.com/ubuntu jammy/main amd64 liblist-someutils-perl all 0.58-1 [29,7 kB]
Пол:59 http://ru.archive.ubuntu.com/ubuntu jammy/main amd64 liblist-someutils-xs-perl amd64 0.58-2build3 [34,8 kB]
Пол:60 http://ru.archive.ubuntu.com/ubuntu jammy/main amd64 liblist-utilsby-perl all 0.11-1 [14,7 kB]
Пол:61 http://ru.archive.ubuntu.com/ubuntu jammy/main amd64 libmarkdown2 amd64 2.2.7-2 [38,3 kB]
Пол:62 http://ru.archive.ubuntu.com/ubuntu jammy/main amd64 libmath-base85-perl all 0.5+dfsg-1 [6 764 B]
Пол:63 http://ru.archive.ubuntu.com/ubuntu jammy/main amd64 librole-tiny-perl all 2.002004-1 [16,3 kB]
Пол:64 http://ru.archive.ubuntu.com/ubuntu jammy/main amd64 libsub-quote-perl all 2.006006-1 [19,5 kB]
Пол:65 http://ru.archive.ubuntu.com/ubuntu jammy/main amd64 libmoo-perl all 2.005004-3 [48,0 kB]
Пол:66 http://ru.archive.ubuntu.com/ubuntu jammy/main amd64 libstrictures-perl all 2.000006-1 [16,3 kB]
Пол:67 http://ru.archive.ubuntu.com/ubuntu jammy/main amd64 libmoox-aliases-perl all 0.001006-1.1 [6 632 B]
Пол:68 http://ru.archive.ubuntu.com/ubuntu jammy/main amd64 libmouse-perl amd64 2.5.10-1build4 [161 kB]
Пол:69 http://ru.archive.ubuntu.com/ubuntu jammy/main amd64 libpackage-stash-perl all 0.39-1 [19,1 kB]
Пол:70 http://ru.archive.ubuntu.com/ubuntu jammy/main amd64 libsub-identify-perl amd64 0.14-1build5 [10,4 kB]
Пол:71 http://ru.archive.ubuntu.com/ubuntu jammy/main amd64 libsub-name-perl amd64 0.26-1build3 [11,4 kB]
Пол:72 http://ru.archive.ubuntu.com/ubuntu jammy/main amd64 libnamespace-clean-perl all 0.27-1 [13,6 kB]
Пол:73 http://ru.archive.ubuntu.com/ubuntu jammy/main amd64 libpackage-stash-xs-perl amd64 0.29-1build5 [19,4 kB]
Пол:74 http://ru.archive.ubuntu.com/ubuntu jammy/main amd64 libpath-tiny-perl all 0.122-1 [45,9 kB]
Пол:75 http://ru.archive.ubuntu.com/ubuntu jammy/main amd64 libperlio-gzip-perl amd64 0.19-1build8 [14,9 kB]
Пол:76 http://ru.archive.ubuntu.com/ubuntu jammy/main amd64 libperlio-utf8-strict-perl amd64 0.009-1build1 [11,9 kB]
Пол:77 http://ru.archive.ubuntu.com/ubuntu jammy/main amd64 libproc-processtable-perl amd64 0.634-1build1 [37,5 kB]
Пол:78 http://ru.archive.ubuntu.com/ubuntu jammy/main amd64 libsereal-decoder-perl amd64 4.023+ds-1 [100 kB]
Пол:79 http://ru.archive.ubuntu.com/ubuntu jammy/main amd64 libsereal-encoder-perl amd64 4.023+ds-1 [104 kB]
Пол:80 http://ru.archive.ubuntu.com/ubuntu jammy/main amd64 libsocket6-perl amd64 0.29-1build4 [19,7 kB]
Пол:81 http://ru.archive.ubuntu.com/ubuntu jammy/main amd64 libsort-versions-perl all 1.62-1 [9 294 B]
Пол:82 http://ru.archive.ubuntu.com/ubuntu jammy/main amd64 libxs-parse-keyword-perl amd64 0.21-1build1 [51,0 kB]
Пол:83 http://ru.archive.ubuntu.com/ubuntu jammy/main amd64 libsyntax-keyword-try-perl amd64 0.26-1build1 [27,1 kB]
Пол:84 http://ru.archive.ubuntu.com/ubuntu jammy/main amd64 libterm-readkey-perl amd64 2.38-1build4 [25,2 kB]
Пол:85 http://ru.archive.ubuntu.com/ubuntu jammy/main amd64 libtext-levenshteinxs-perl amd64 0.03-4build10 [8 254 B]
Пол:86 http://ru.archive.ubuntu.com/ubuntu jammy/main amd64 libtext-markdown-discount-perl amd64 0.13-1build1 [12,9 kB]
Пол:87 http://ru.archive.ubuntu.com/ubuntu jammy/main amd64 libtext-xslate-perl amd64 3.5.9-1build1 [186 kB]
Пол:88 http://ru.archive.ubuntu.com/ubuntu jammy/main amd64 libtime-duration-perl all 1.21-1 [13,1 kB]
Пол:89 http://ru.archive.ubuntu.com/ubuntu jammy/main amd64 libtime-moment-perl amd64 0.44-1build6 [74,9 kB]
Пол:90 http://ru.archive.ubuntu.com/ubuntu jammy/main amd64 libunicode-utf8-perl amd64 0.62-1build4 [18,9 kB]
Пол:91 http://ru.archive.ubuntu.com/ubuntu jammy/main amd64 libxml-namespacesupport-perl all 1.12-1.1 [13,2 kB]
Пол:92 http://ru.archive.ubuntu.com/ubuntu jammy/main amd64 libxml-sax-base-perl all 1.09-1.1 [19,0 kB]
Пол:93 http://ru.archive.ubuntu.com/ubuntu jammy/main amd64 libxml-sax-perl all 1.02+dfsg-3 [57,0 kB]
Пол:94 http://ru.archive.ubuntu.com/ubuntu jammy/main amd64 libxml-libxml-perl amd64 2.0207+dfsg+really+2.0134-1 [325 kB]
Пол:95 http://ru.archive.ubuntu.com/ubuntu jammy/main amd64 libxml-sax-expat-perl all 0.51-1 [10,5 kB]
Пол:96 http://ru.archive.ubuntu.com/ubuntu jammy/main amd64 libyaml-libyaml-perl amd64 0.83+ds-1build1 [29,6 kB]
Пол:97 http://ru.archive.ubuntu.com/ubuntu jammy/main amd64 libdevel-size-perl amd64 0.83-1build4 [20,7 kB]
Пол:98 http://ru.archive.ubuntu.com/ubuntu jammy/main amd64 libipc-run3-perl all 0.048-2 [31,4 kB]
Пол:99 http://ru.archive.ubuntu.com/ubuntu jammy/main amd64 lzip amd64 1.23-1 [80,5 kB]
Пол:100 http://ru.archive.ubuntu.com/ubuntu jammy/main amd64 lzop amd64 1.04-2build2 [83,7 kB]
Пол:101 http://ru.archive.ubuntu.com/ubuntu jammy/main amd64 patchutils amd64 0.4.2-1build2 [77,8 kB]
Пол:102 http://ru.archive.ubuntu.com/ubuntu jammy/main amd64 t1utils amd64 1.41-4build2 [61,3 kB]
Пол:103 http://ru.archive.ubuntu.com/ubuntu jammy-updates/main amd64 lintian all 2.114.0ubuntu1.2 [1 082 kB]
Получено 15,4 MB за 2с (9 423 kB/s)
Извлекаются шаблоны из пакетов: 100%
Выбор ранее не выбранного пакета diffstat.
(Чтение базы данных … на данный момент установлено 250237 файлов и каталогов.)
Подготовка к распаковке …/000-diffstat_1.64-1build2_amd64.deb …
Распаковывается diffstat (1.64-1build2) …
Выбор ранее не выбранного пакета gdebi-core.
Подготовка к распаковке …/001-gdebi-core_0.9.5.7+nmu6_all.deb …
Распаковывается gdebi-core (0.9.5.7+nmu6) …
Выбор ранее не выбранного пакета gnome-icon-theme.
Подготовка к распаковке …/002-gnome-icon-theme_3.12.0-4_all.deb …
Распаковывается gnome-icon-theme (3.12.0-4) …
Выбор ранее не выбранного пакета gdebi.
Подготовка к распаковке …/003-gdebi_0.9.5.7+nmu6_all.deb …
Распаковывается gdebi (0.9.5.7+nmu6) …
Выбор ранее не выбранного пакета gettext.
Подготовка к распаковке …/004-gettext_0.21-4ubuntu4_amd64.deb …
Распаковывается gettext (0.21-4ubuntu4) …
Выбор ранее не выбранного пакета intltool-debian.
Подготовка к распаковке …/005-intltool-debian_0.35.0+20060710.5_all.deb …
Распаковывается intltool-debian (0.35.0+20060710.5) …
Выбор ранее не выбранного пакета libaliased-perl.
Подготовка к распаковке …/006-libaliased-perl_0.34-1.1_all.deb …
Распаковывается libaliased-perl (0.34-1.1) …
Выбор ранее не выбранного пакета libapt-pkg-perl.
Подготовка к распаковке …/007-libapt-pkg-perl_0.1.40build2_amd64.deb …
Распаковывается libapt-pkg-perl (0.1.40build2) …
Выбор ранее не выбранного пакета libarchive-zip-perl.
Подготовка к распаковке …/008-libarchive-zip-perl_1.68-1_all.deb …
Распаковывается libarchive-zip-perl (1.68-1) …
Выбор ранее не выбранного пакета libb-hooks-op-check-perl.
Подготовка к распаковке …/009-libb-hooks-op-check-perl_0.22-1build5_amd64.deb …
Распаковывается libb-hooks-op-check-perl (0.22-1build5) …
Выбор ранее не выбранного пакета libdynaloader-functions-perl.
Подготовка к распаковке …/010-libdynaloader-functions-perl_0.003-1.1_all.deb …
Распаковывается libdynaloader-functions-perl (0.003-1.1) …
Выбор ранее не выбранного пакета libdevel-callchecker-perl.
Подготовка к распаковке …/011-libdevel-callchecker-perl_0.008-1ubuntu4_amd64.deb …
Распаковывается libdevel-callchecker-perl (0.008-1ubuntu4) …
Выбор ранее не выбранного пакета libparams-classify-perl.
Подготовка к распаковке …/012-libparams-classify-perl_0.015-1build5_amd64.deb …
Распаковывается libparams-classify-perl (0.015-1build5) …
Выбор ранее не выбранного пакета libmodule-runtime-perl.
Подготовка к распаковке …/013-libmodule-runtime-perl_0.016-1_all.deb …
Распаковывается libmodule-runtime-perl (0.016-1) …
Выбор ранее не выбранного пакета libmodule-implementation-perl.
Подготовка к распаковке …/014-libmodule-implementation-perl_0.09-1.1_all.deb …
Распаковывается libmodule-implementation-perl (0.09-1.1) …
Выбор ранее не выбранного пакета libsub-exporter-progressive-perl.
Подготовка к распаковке …/015-libsub-exporter-progressive-perl_0.001013-1_all.deb …
Распаковывается libsub-exporter-progressive-perl (0.001013-1) …
Выбор ранее не выбранного пакета libvariable-magic-perl.
Подготовка к распаковке …/016-libvariable-magic-perl_0.62-1build5_amd64.deb …
Распаковывается libvariable-magic-perl (0.62-1build5) …
Выбор ранее не выбранного пакета libb-hooks-endofscope-perl.
Подготовка к распаковке …/017-libb-hooks-endofscope-perl_0.25-1_all.deb …
Распаковывается libb-hooks-endofscope-perl (0.25-1) …
Выбор ранее не выбранного пакета libcapture-tiny-perl.
Подготовка к распаковке …/018-libcapture-tiny-perl_0.48-1_all.deb …
Распаковывается libcapture-tiny-perl (0.48-1) …
Выбор ранее не выбранного пакета libclass-data-inheritable-perl.
Подготовка к распаковке …/019-libclass-data-inheritable-perl_0.08-3_all.deb …
Распаковывается libclass-data-inheritable-perl (0.08-3) …
Выбор ранее не выбранного пакета libclass-method-modifiers-perl.
Подготовка к распаковке …/020-libclass-method-modifiers-perl_2.13-1_all.deb …
Распаковывается libclass-method-modifiers-perl (2.13-1) …
Выбор ранее не выбранного пакета libclass-xsaccessor-perl.
Подготовка к распаковке …/021-libclass-xsaccessor-perl_1.19-3build9_amd64.deb …
Распаковывается libclass-xsaccessor-perl (1.19-3build9) …
Выбор ранее не выбранного пакета libconfig-tiny-perl.
Подготовка к распаковке …/022-libconfig-tiny-perl_2.28-1_all.deb …
Распаковывается libconfig-tiny-perl (2.28-1) …
Выбор ранее не выбранного пакета libparams-util-perl.
Подготовка к распаковке …/023-libparams-util-perl_1.102-1build3_amd64.deb …
Распаковывается libparams-util-perl (1.102-1build3) …
Выбор ранее не выбранного пакета libsub-install-perl.
Подготовка к распаковке …/024-libsub-install-perl_0.928-1.1_all.deb …
Распаковывается libsub-install-perl (0.928-1.1) …
Выбор ранее не выбранного пакета libdata-optlist-perl.
Подготовка к распаковке …/025-libdata-optlist-perl_0.112-1_all.deb …
Распаковывается libdata-optlist-perl (0.112-1) …
Выбор ранее не выбранного пакета libsub-exporter-perl.
Подготовка к распаковке …/026-libsub-exporter-perl_0.988-1_all.deb …
Распаковывается libsub-exporter-perl (0.988-1) …
Выбор ранее не выбранного пакета libconst-fast-perl.
Подготовка к распаковке …/027-libconst-fast-perl_0.014-1.1_all.deb …
Распаковывается libconst-fast-perl (0.014-1.1) …
Выбор ранее не выбранного пакета libcpanel-json-xs-perl:amd64.
Подготовка к распаковке …/028-libcpanel-json-xs-perl_4.27-1build1_amd64.deb …
Распаковывается libcpanel-json-xs-perl:amd64 (4.27-1build1) …
Выбор ранее не выбранного пакета libdevel-stacktrace-perl.
Подготовка к распаковке …/029-libdevel-stacktrace-perl_2.0400-1_all.deb …
Распаковывается libdevel-stacktrace-perl (2.0400-1) …
Выбор ранее не выбранного пакета libexception-class-perl.
Подготовка к распаковке …/030-libexception-class-perl_1.45-1_all.deb …
Распаковывается libexception-class-perl (1.45-1) …
Выбор ранее не выбранного пакета libiterator-perl.
Подготовка к распаковке …/031-libiterator-perl_0.03+ds1-1.1_all.deb …
Распаковывается libiterator-perl (0.03+ds1-1.1) …
Выбор ранее не выбранного пакета libiterator-util-perl.
Подготовка к распаковке …/032-libiterator-util-perl_0.02+ds1-1.1_all.deb …
Распаковывается libiterator-util-perl (0.02+ds1-1.1) …
Выбор ранее не выбранного пакета libexporter-tiny-perl.
Подготовка к распаковке …/033-libexporter-tiny-perl_1.002002-1_all.deb …
Распаковывается libexporter-tiny-perl (1.002002-1) …
Выбор ранее не выбранного пакета liblist-moreutils-xs-perl.
Подготовка к распаковке …/034-liblist-moreutils-xs-perl_0.430-2build2_amd64.deb …
Распаковывается liblist-moreutils-xs-perl (0.430-2build2) …
Выбор ранее не выбранного пакета liblist-moreutils-perl.
Подготовка к распаковке …/035-liblist-moreutils-perl_0.430-2_all.deb …
Распаковывается liblist-moreutils-perl (0.430-2) …
Выбор ранее не выбранного пакета libdata-dpath-perl.
Подготовка к распаковке …/036-libdata-dpath-perl_0.58-1_all.deb …
Распаковывается libdata-dpath-perl (0.58-1) …
Выбор ранее не выбранного пакета libdata-messagepack-perl.
Подготовка к распаковке …/037-libdata-messagepack-perl_1.01-2build1_amd64.deb …
Распаковывается libdata-messagepack-perl (1.01-2build1) …
Выбор ранее не выбранного пакета libnet-domain-tld-perl.
Подготовка к распаковке …/038-libnet-domain-tld-perl_1.75-1.1_all.deb …
Распаковывается libnet-domain-tld-perl (1.75-1.1) …
Выбор ранее не выбранного пакета libdata-validate-domain-perl.
Подготовка к распаковке …/039-libdata-validate-domain-perl_0.10-1.1_all.deb …
Распаковывается libdata-validate-domain-perl (0.10-1.1) …
Выбор ранее не выбранного пакета libnet-ipv6addr-perl.
Подготовка к распаковке …/040-libnet-ipv6addr-perl_1.02-1_all.deb …
Распаковывается libnet-ipv6addr-perl (1.02-1) …
Выбор ранее не выбранного пакета libnet-netmask-perl.
Подготовка к распаковке …/041-libnet-netmask-perl_2.0001-1_all.deb …
Распаковывается libnet-netmask-perl (2.0001-1) …
Выбор ранее не выбранного пакета libnetaddr-ip-perl.
Подготовка к распаковке …/042-libnetaddr-ip-perl_4.079+dfsg-1build7_amd64.deb …
Распаковывается libnetaddr-ip-perl (4.079+dfsg-1build7) …
Выбор ранее не выбранного пакета libdata-validate-ip-perl.
Подготовка к распаковке …/043-libdata-validate-ip-perl_0.30-1_all.deb …
Распаковывается libdata-validate-ip-perl (0.30-1) …
Выбор ранее не выбранного пакета libdata-validate-uri-perl.
Подготовка к распаковке …/044-libdata-validate-uri-perl_0.07-2_all.deb …
Распаковывается libdata-validate-uri-perl (0.07-2) …
Выбор ранее не выбранного пакета libemail-address-xs-perl.
Подготовка к распаковке …/045-libemail-address-xs-perl_1.04-1build6_amd64.deb …
Распаковывается libemail-address-xs-perl (1.04-1build6) …
Выбор ранее не выбранного пакета libnumber-compare-perl.
Подготовка к распаковке …/046-libnumber-compare-perl_0.03-2_all.deb …
Распаковывается libnumber-compare-perl (0.03-2) …
Выбор ранее не выбранного пакета libtext-glob-perl.
Подготовка к распаковке …/047-libtext-glob-perl_0.11-2_all.deb …
Распаковывается libtext-glob-perl (0.11-2) …
Выбор ранее не выбранного пакета libfile-find-rule-perl.
Подготовка к распаковке …/048-libfile-find-rule-perl_0.34-1_all.deb …
Распаковывается libfile-find-rule-perl (0.34-1) …
Выбор ранее не выбранного пакета libio-string-perl.
Подготовка к распаковке …/049-libio-string-perl_1.08-3.1_all.deb …
Распаковывается libio-string-perl (1.08-3.1) …
Выбор ранее не выбранного пакета libfont-ttf-perl.
Подготовка к распаковке …/050-libfont-ttf-perl_1.06-1.1_all.deb …
Распаковывается libfont-ttf-perl (1.06-1.1) …
Выбор ранее не выбранного пакета libhtml-html5-entities-perl.
Подготовка к распаковке …/051-libhtml-html5-entities-perl_0.004-1.1_all.deb …
Распаковывается libhtml-html5-entities-perl (0.004-1.1) …
Выбор ранее не выбранного пакета libimport-into-perl.
Подготовка к распаковке …/052-libimport-into-perl_1.002005-1_all.deb …
Распаковывается libimport-into-perl (1.002005-1) …
Выбор ранее не выбранного пакета libio-interactive-perl.
Подготовка к распаковке …/053-libio-interactive-perl_1.023-1_all.deb …
Распаковывается libio-interactive-perl (1.023-1) …
Выбор ранее не выбранного пакета libio-prompt-tiny-perl.
Подготовка к распаковке …/054-libio-prompt-tiny-perl_0.003-1_all.deb …
Распаковывается libio-prompt-tiny-perl (0.003-1) …
Выбор ранее не выбранного пакета libjson-maybexs-perl.
Подготовка к распаковке …/055-libjson-maybexs-perl_1.004003-1_all.deb …
Распаковывается libjson-maybexs-perl (1.004003-1) …
Выбор ранее не выбранного пакета liblist-compare-perl.
Подготовка к распаковке …/056-liblist-compare-perl_0.55-1_all.deb …
Распаковывается liblist-compare-perl (0.55-1) …
Выбор ранее не выбранного пакета liblist-someutils-perl.
Подготовка к распаковке …/057-liblist-someutils-perl_0.58-1_all.deb …
Распаковывается liblist-someutils-perl (0.58-1) …
Выбор ранее не выбранного пакета liblist-someutils-xs-perl.
Подготовка к распаковке …/058-liblist-someutils-xs-perl_0.58-2build3_amd64.deb …
Распаковывается liblist-someutils-xs-perl (0.58-2build3) …
Выбор ранее не выбранного пакета liblist-utilsby-perl.
Подготовка к распаковке …/059-liblist-utilsby-perl_0.11-1_all.deb …
Распаковывается liblist-utilsby-perl (0.11-1) …
Выбор ранее не выбранного пакета libmarkdown2:amd64.
Подготовка к распаковке …/060-libmarkdown2_2.2.7-2_amd64.deb …
Распаковывается libmarkdown2:amd64 (2.2.7-2) …
Выбор ранее не выбранного пакета libmath-base85-perl.
Подготовка к распаковке …/061-libmath-base85-perl_0.5+dfsg-1_all.deb …
Распаковывается libmath-base85-perl (0.5+dfsg-1) …
Выбор ранее не выбранного пакета librole-tiny-perl.
Подготовка к распаковке …/062-librole-tiny-perl_2.002004-1_all.deb …
Распаковывается librole-tiny-perl (2.002004-1) …
Выбор ранее не выбранного пакета libsub-quote-perl.
Подготовка к распаковке …/063-libsub-quote-perl_2.006006-1_all.deb …
Распаковывается libsub-quote-perl (2.006006-1) …
Выбор ранее не выбранного пакета libmoo-perl.
Подготовка к распаковке …/064-libmoo-perl_2.005004-3_all.deb …
Распаковывается libmoo-perl (2.005004-3) …
Выбор ранее не выбранного пакета libstrictures-perl.
Подготовка к распаковке …/065-libstrictures-perl_2.000006-1_all.deb …
Распаковывается libstrictures-perl (2.000006-1) …
Выбор ранее не выбранного пакета libmoox-aliases-perl.
Подготовка к распаковке …/066-libmoox-aliases-perl_0.001006-1.1_all.deb …
Распаковывается libmoox-aliases-perl (0.001006-1.1) …
Выбор ранее не выбранного пакета libmouse-perl.
Подготовка к распаковке …/067-libmouse-perl_2.5.10-1build4_amd64.deb …
Распаковывается libmouse-perl (2.5.10-1build4) …
Выбор ранее не выбранного пакета libpackage-stash-perl.
Подготовка к распаковке …/068-libpackage-stash-perl_0.39-1_all.deb …
Распаковывается libpackage-stash-perl (0.39-1) …
Выбор ранее не выбранного пакета libsub-identify-perl.
Подготовка к распаковке …/069-libsub-identify-perl_0.14-1build5_amd64.deb …
Распаковывается libsub-identify-perl (0.14-1build5) …
Выбор ранее не выбранного пакета libsub-name-perl.
Подготовка к распаковке …/070-libsub-name-perl_0.26-1build3_amd64.deb …
Распаковывается libsub-name-perl (0.26-1build3) …
Выбор ранее не выбранного пакета libnamespace-clean-perl.
Подготовка к распаковке …/071-libnamespace-clean-perl_0.27-1_all.deb …
Распаковывается libnamespace-clean-perl (0.27-1) …
Выбор ранее не выбранного пакета libpackage-stash-xs-perl.
Подготовка к распаковке …/072-libpackage-stash-xs-perl_0.29-1build5_amd64.deb …
Распаковывается libpackage-stash-xs-perl (0.29-1build5) …
Выбор ранее не выбранного пакета libpath-tiny-perl.
Подготовка к распаковке …/073-libpath-tiny-perl_0.122-1_all.deb …
Распаковывается libpath-tiny-perl (0.122-1) …
Выбор ранее не выбранного пакета libperlio-gzip-perl.
Подготовка к распаковке …/074-libperlio-gzip-perl_0.19-1build8_amd64.deb …
Распаковывается libperlio-gzip-perl (0.19-1build8) …
Выбор ранее не выбранного пакета libperlio-utf8-strict-perl.
Подготовка к распаковке …/075-libperlio-utf8-strict-perl_0.009-1build1_amd64.deb …
Распаковывается libperlio-utf8-strict-perl (0.009-1build1) …
Выбор ранее не выбранного пакета libproc-processtable-perl:amd64.
Подготовка к распаковке …/076-libproc-processtable-perl_0.634-1build1_amd64.deb …
Распаковывается libproc-processtable-perl:amd64 (0.634-1build1) …
Выбор ранее не выбранного пакета libsereal-decoder-perl.
Подготовка к распаковке …/077-libsereal-decoder-perl_4.023+ds-1_amd64.deb …
Распаковывается libsereal-decoder-perl (4.023+ds-1) …
Выбор ранее не выбранного пакета libsereal-encoder-perl:amd64.
Подготовка к распаковке …/078-libsereal-encoder-perl_4.023+ds-1_amd64.deb …
Распаковывается libsereal-encoder-perl:amd64 (4.023+ds-1) …
Выбор ранее не выбранного пакета libsocket6-perl.
Подготовка к распаковке …/079-libsocket6-perl_0.29-1build4_amd64.deb …
Распаковывается libsocket6-perl (0.29-1build4) …
Выбор ранее не выбранного пакета libsort-versions-perl.
Подготовка к распаковке …/080-libsort-versions-perl_1.62-1_all.deb …
Распаковывается libsort-versions-perl (1.62-1) …
Выбор ранее не выбранного пакета libxs-parse-keyword-perl.
Подготовка к распаковке …/081-libxs-parse-keyword-perl_0.21-1build1_amd64.deb …
Распаковывается libxs-parse-keyword-perl (0.21-1build1) …
Выбор ранее не выбранного пакета libsyntax-keyword-try-perl.
Подготовка к распаковке …/082-libsyntax-keyword-try-perl_0.26-1build1_amd64.deb …
Распаковывается libsyntax-keyword-try-perl (0.26-1build1) …
Выбор ранее не выбранного пакета libterm-readkey-perl.
Подготовка к распаковке …/083-libterm-readkey-perl_2.38-1build4_amd64.deb …
Распаковывается libterm-readkey-perl (2.38-1build4) …
Выбор ранее не выбранного пакета libtext-levenshteinxs-perl.
Подготовка к распаковке …/084-libtext-levenshteinxs-perl_0.03-4build10_amd64.deb …
Распаковывается libtext-levenshteinxs-perl (0.03-4build10) …
Выбор ранее не выбранного пакета libtext-markdown-discount-perl:amd64.
Подготовка к распаковке …/085-libtext-markdown-discount-perl_0.13-1build1_amd64.deb …
Распаковывается libtext-markdown-discount-perl:amd64 (0.13-1build1) …
Выбор ранее не выбранного пакета libtext-xslate-perl:amd64.
Подготовка к распаковке …/086-libtext-xslate-perl_3.5.9-1build1_amd64.deb …
Распаковывается libtext-xslate-perl:amd64 (3.5.9-1build1) …
Выбор ранее не выбранного пакета libtime-duration-perl.
Подготовка к распаковке …/087-libtime-duration-perl_1.21-1_all.deb …
Распаковывается libtime-duration-perl (1.21-1) …
Выбор ранее не выбранного пакета libtime-moment-perl.
Подготовка к распаковке …/088-libtime-moment-perl_0.44-1build6_amd64.deb …
Распаковывается libtime-moment-perl (0.44-1build6) …
Выбор ранее не выбранного пакета libunicode-utf8-perl.
Подготовка к распаковке …/089-libunicode-utf8-perl_0.62-1build4_amd64.deb …
Распаковывается libunicode-utf8-perl (0.62-1build4) …
Выбор ранее не выбранного пакета libxml-namespacesupport-perl.
Подготовка к распаковке …/090-libxml-namespacesupport-perl_1.12-1.1_all.deb …
Распаковывается libxml-namespacesupport-perl (1.12-1.1) …
Выбор ранее не выбранного пакета libxml-sax-base-perl.
Подготовка к распаковке …/091-libxml-sax-base-perl_1.09-1.1_all.deb …
Распаковывается libxml-sax-base-perl (1.09-1.1) …
Выбор ранее не выбранного пакета libxml-sax-perl.
Подготовка к распаковке …/092-libxml-sax-perl_1.02+dfsg-3_all.deb …
Распаковывается libxml-sax-perl (1.02+dfsg-3) …
Выбор ранее не выбранного пакета libxml-libxml-perl.
Подготовка к распаковке …/093-libxml-libxml-perl_2.0207+dfsg+really+2.0134-1_amd64.deb …
Распаковывается libxml-libxml-perl (2.0207+dfsg+really+2.0134-1) …
Выбор ранее не выбранного пакета libxml-sax-expat-perl.
Подготовка к распаковке …/094-libxml-sax-expat-perl_0.51-1_all.deb …
Распаковывается libxml-sax-expat-perl (0.51-1) …
Выбор ранее не выбранного пакета libyaml-libyaml-perl.
Подготовка к распаковке …/095-libyaml-libyaml-perl_0.83+ds-1build1_amd64.deb …
Распаковывается libyaml-libyaml-perl (0.83+ds-1build1) …
Выбор ранее не выбранного пакета libdevel-size-perl.
Подготовка к распаковке …/096-libdevel-size-perl_0.83-1build4_amd64.deb …
Распаковывается libdevel-size-perl (0.83-1build4) …
Выбор ранее не выбранного пакета libipc-run3-perl.
Подготовка к распаковке …/097-libipc-run3-perl_0.048-2_all.deb …
Распаковывается libipc-run3-perl (0.048-2) …
Выбор ранее не выбранного пакета lzip.
Подготовка к распаковке …/098-lzip_1.23-1_amd64.deb …
Распаковывается lzip (1.23-1) …
Выбор ранее не выбранного пакета lzop.
Подготовка к распаковке …/099-lzop_1.04-2build2_amd64.deb …
Распаковывается lzop (1.04-2build2) …
Выбор ранее не выбранного пакета patchutils.
Подготовка к распаковке …/100-patchutils_0.4.2-1build2_amd64.deb …
Распаковывается patchutils (0.4.2-1build2) …
Выбор ранее не выбранного пакета t1utils.
Подготовка к распаковке …/101-t1utils_1.41-4build2_amd64.deb …
Распаковывается t1utils (1.41-4build2) …
Выбор ранее не выбранного пакета lintian.
Подготовка к распаковке …/102-lintian_2.114.0ubuntu1.2_all.deb …
Распаковывается lintian (2.114.0ubuntu1.2) …
Настраивается пакет libapt-pkg-perl (0.1.40build2) …
Настраивается пакет gettext (0.21-4ubuntu4) …
Настраивается пакет libunicode-utf8-perl (0.62-1build4) …
Настраивается пакет libmouse-perl (2.5.10-1build4) …
Настраивается пакет gdebi-core (0.9.5.7+nmu6) …
Настраивается пакет libdata-messagepack-perl (1.01-2build1) …
Настраивается пакет libdynaloader-functions-perl (0.003-1.1) …
Настраивается пакет libtext-glob-perl (0.11-2) …
Настраивается пакет libclass-method-modifiers-perl (2.13-1) …
Настраивается пакет liblist-compare-perl (0.55-1) …
Настраивается пакет libarchive-zip-perl (1.68-1) …
Настраивается пакет libsub-identify-perl (0.14-1build5) …
Настраивается пакет libcpanel-json-xs-perl:amd64 (4.27-1build1) …
Настраивается пакет libdevel-size-perl (0.83-1build4) …
Настраивается пакет libyaml-libyaml-perl (0.83+ds-1build1) …
Настраивается пакет libio-interactive-perl (1.023-1) …
Настраивается пакет libxml-namespacesupport-perl (1.12-1.1) …
Настраивается пакет libtime-moment-perl (0.44-1build6) …
Настраивается пакет libmath-base85-perl (0.5+dfsg-1) …
Настраивается пакет libconfig-tiny-perl (2.28-1) …
Настраивается пакет libsereal-encoder-perl:amd64 (4.023+ds-1) …
Настраивается пакет liblist-utilsby-perl (0.11-1) …
Настраивается пакет gnome-icon-theme (3.12.0-4) …
update-alternatives: используется /usr/share/icons/gnome/scalable/places/debian-swirl.svg для предоставлен
ия /usr/share/icons/gnome/scalable/places/start-here.svg (start-here.svg) в автоматическом режиме
Настраивается пакет libnet-netmask-perl (2.0001-1) …
Настраивается пакет libsub-install-perl (0.928-1.1) …
Настраивается пакет libnumber-compare-perl (0.03-2) …
Настраивается пакет intltool-debian (0.35.0+20060710.5) …
Настраивается пакет patchutils (0.4.2-1build2) …
Настраивается пакет libjson-maybexs-perl (1.004003-1) …
Настраивается пакет libxml-sax-base-perl (1.09-1.1) …
Настраивается пакет libio-string-perl (1.08-3.1) …
Настраивается пакет libnetaddr-ip-perl (4.079+dfsg-1build7) …
Настраивается пакет libpackage-stash-xs-perl (0.29-1build5) …
Настраивается пакет libclass-data-inheritable-perl (0.08-3) …
Настраивается пакет libxs-parse-keyword-perl (0.21-1build1) …
Настраивается пакет libfile-find-rule-perl (0.34-1) …
Настраивается пакет libnet-domain-tld-perl (1.75-1.1) …
Настраивается пакет libperlio-utf8-strict-perl (0.009-1build1) …
Настраивается пакет libsocket6-perl (0.29-1build4) …
Настраивается пакет libio-prompt-tiny-perl (0.003-1) …
Настраивается пакет lzip (1.23-1) …
update-alternatives: используется /usr/bin/lzip.lzip для предоставления /usr/bin/lzip (lzip) в автоматичес
ком режиме
update-alternatives: используется /usr/bin/lzip.lzip для предоставления /usr/bin/lzip-compressor (lzip-com
pressor) в автоматическом режиме
update-alternatives: используется /usr/bin/lzip.lzip для предоставления /usr/bin/lzip-decompressor (lzip-d
ecompressor) в автоматическом режиме
Настраивается пакет t1utils (1.41-4build2) …
Настраивается пакет diffstat (1.64-1build2) …
Настраивается пакет libvariable-magic-perl (0.62-1build5) …
Настраивается пакет libb-hooks-op-check-perl (0.22-1build5) …
Настраивается пакет liblist-moreutils-xs-perl (0.430-2build2) …
Настраивается пакет libparams-util-perl (1.102-1build3) …
Настраивается пакет libtime-duration-perl (1.21-1) …
Настраивается пакет libtext-xslate-perl:amd64 (3.5.9-1build1) …
Настраивается пакет libsub-exporter-progressive-perl (0.001013-1) …
Настраивается пакет libcapture-tiny-perl (0.48-1) …
Настраивается пакет libsub-name-perl (0.26-1build3) …
Настраивается пакет libsyntax-keyword-try-perl (0.26-1build1) …
Настраивается пакет libdata-validate-domain-perl (0.10-1.1) …
Настраивается пакет libproc-processtable-perl:amd64 (0.634-1build1) …
Настраивается пакет libpath-tiny-perl (0.122-1) …
Настраивается пакет lzop (1.04-2build2) …
Настраивается пакет librole-tiny-perl (2.002004-1) …
Настраивается пакет libipc-run3-perl (0.048-2) …
Настраивается пакет libaliased-perl (0.34-1.1) …
Настраивается пакет libstrictures-perl (2.000006-1) …
Настраивается пакет libsub-quote-perl (2.006006-1) …
Настраивается пакет libdevel-stacktrace-perl (2.0400-1) …
Настраивается пакет libclass-xsaccessor-perl (1.19-3build9) …
Настраивается пакет libsort-versions-perl (1.62-1) …
Настраивается пакет libexporter-tiny-perl (1.002002-1) …
Настраивается пакет libterm-readkey-perl (2.38-1build4) …
Настраивается пакет libfont-ttf-perl (1.06-1.1) …
Настраивается пакет libtext-levenshteinxs-perl (0.03-4build10) …
Настраивается пакет libperlio-gzip-perl (0.19-1build8) …
Настраивается пакет libhtml-html5-entities-perl (0.004-1.1) …
Настраивается пакет libsereal-decoder-perl (4.023+ds-1) …
Настраивается пакет libmarkdown2:amd64 (2.2.7-2) …
Настраивается пакет libnet-ipv6addr-perl (1.02-1) …
Настраивается пакет libdata-validate-ip-perl (0.30-1) …
Настраивается пакет libemail-address-xs-perl (1.04-1build6) …
Настраивается пакет gdebi (0.9.5.7+nmu6) …
Настраивается пакет liblist-moreutils-perl (0.430-2) …
Настраивается пакет libtext-markdown-discount-perl:amd64 (0.13-1build1) …
Настраивается пакет libexception-class-perl (1.45-1) …
Настраивается пакет libdevel-callchecker-perl (0.008-1ubuntu4) …
Настраивается пакет libxml-sax-perl (1.02+dfsg-3) …
update-perl-sax-parsers: Registering Perl SAX parser XML::SAX::PurePerl with priority 10...
update-perl-sax-parsers: Updating overall Perl SAX parser modules info file...

Creating config file /etc/perl/XML/SAX/ParserDetails.ini with new version
Настраивается пакет libdata-validate-uri-perl (0.07-2) …
Настраивается пакет libdata-optlist-perl (0.112-1) …
Настраивается пакет libxml-libxml-perl (2.0207+dfsg+really+2.0134-1) …
update-perl-sax-parsers: Registering Perl SAX parser XML::LibXML::SAX::Parser with priority 50...
update-perl-sax-parsers: Registering Perl SAX parser XML::LibXML::SAX with priority 50...
update-perl-sax-parsers: Updating overall Perl SAX parser modules info file...
Replacing config file /etc/perl/XML/SAX/ParserDetails.ini with new version
Настраивается пакет libxml-sax-expat-perl (0.51-1) …
update-perl-sax-parsers: Registering Perl SAX parser XML::SAX::Expat with priority 50...
update-perl-sax-parsers: Updating overall Perl SAX parser modules info file...
Replacing config file /etc/perl/XML/SAX/ParserDetails.ini with new version
Настраивается пакет libsub-exporter-perl (0.988-1) …
Настраивается пакет libiterator-perl (0.03+ds1-1.1) …
Настраивается пакет libiterator-util-perl (0.02+ds1-1.1) …
Настраивается пакет libparams-classify-perl (0.015-1build5) …
Настраивается пакет libmodule-runtime-perl (0.016-1) …
Настраивается пакет libconst-fast-perl (0.014-1.1) …
Настраивается пакет libdata-dpath-perl (0.58-1) …
Настраивается пакет libmodule-implementation-perl (0.09-1.1) …
Настраивается пакет libpackage-stash-perl (0.39-1) …
Настраивается пакет libimport-into-perl (1.002005-1) …
Настраивается пакет libmoo-perl (2.005004-3) …
Настраивается пакет liblist-someutils-perl (0.58-1) …
Настраивается пакет liblist-someutils-xs-perl (0.58-2build3) …
Настраивается пакет libmoox-aliases-perl (0.001006-1.1) …
Настраивается пакет libb-hooks-endofscope-perl (0.25-1) …
Настраивается пакет libnamespace-clean-perl (0.27-1) …
Настраивается пакет lintian (2.114.0ubuntu1.2) …
Обрабатываются триггеры для install-info (6.8-4build1) …
Обрабатываются триггеры для mailcap (3.70+nmu1ubuntu1) …
Обрабатываются триггеры для desktop-file-utils (0.26-1ubuntu3) …
Обрабатываются триггеры для gnome-menus (3.36.0-1ubuntu3) …
Обрабатываются триггеры для libc-bin (2.35-0ubuntu3.1) …
Обрабатываются триггеры для man-db (2.10.2-1) …
user@Linux:/$ sudo gdebi ./dbeaver-ce_latest_amd64.deb
Copy
gdebi error, file not found: ./dbeaver-ce_latest_amd64.deb
Команда «Copy» не найдена. Возможно, вы имели в виду:
  command 'opy' from snap opy (latest)
  command 'ropy' from deb libdisorder-tools (0.0.2+git20130809.8062ee1-4)
See 'snap info <snapname>' for additional versions.
user@Linux:/$ sudo dpkg -r gdebi
(Чтение базы данных … на данный момент установлено 260690 файлов и каталогов.)
Удаляется gdebi (0.9.5.7+nmu6) …
Обрабатываются триггеры для man-db (2.10.2-1) …
Обрабатываются триггеры для mailcap (3.70+nmu1ubuntu1) …
Обрабатываются триггеры для gnome-menus (3.36.0-1ubuntu3) …
Обрабатываются триггеры для desktop-file-utils (0.26-1ubuntu3) …
user@Linux:/$ sudo apt-get autoremove
Чтение списков пакетов… Готово
Построение дерева зависимостей… Готово
Чтение информации о состоянии… Готово         
Следующие пакеты будут УДАЛЕНЫ:
  diffstat gdebi-core gettext intltool-debian libaliased-perl libapt-pkg-perl libarchive-zip-perl
  libb-hooks-endofscope-perl libb-hooks-op-check-perl libcapture-tiny-perl
  libclass-data-inheritable-perl libclass-method-modifiers-perl libclass-xsaccessor-perl
  libconfig-tiny-perl libconst-fast-perl libcpanel-json-xs-perl libdata-dpath-perl
  libdata-messagepack-perl libdata-optlist-perl libdata-validate-domain-perl libdata-validate-ip-perl
  libdata-validate-uri-perl libdevel-callchecker-perl libdevel-size-perl libdevel-stacktrace-perl
  libdynaloader-functions-perl libemail-address-xs-perl libexception-class-perl libexporter-tiny-perl
  libfile-find-rule-perl libfont-ttf-perl libhtml-html5-entities-perl libimport-into-perl
  libio-interactive-perl libio-prompt-tiny-perl libio-string-perl libipc-run3-perl libiterator-perl
  libiterator-util-perl libjson-maybexs-perl liblist-compare-perl liblist-moreutils-perl
  liblist-moreutils-xs-perl liblist-someutils-perl liblist-someutils-xs-perl liblist-utilsby-perl
  libmarkdown2 libmath-base85-perl libmodule-implementation-perl libmodule-runtime-perl libmoo-perl
  libmoox-aliases-perl libmouse-perl libnamespace-clean-perl libnet-domain-tld-perl libnet-ipv6addr-perl
  libnet-netmask-perl libnetaddr-ip-perl libnumber-compare-perl libpackage-stash-perl
  libpackage-stash-xs-perl libparams-classify-perl libparams-util-perl libpath-tiny-perl
  libperlio-gzip-perl libperlio-utf8-strict-perl libproc-processtable-perl librole-tiny-perl
  libsereal-decoder-perl libsereal-encoder-perl libsort-versions-perl libstrictures-perl
  libsub-exporter-perl libsub-exporter-progressive-perl libsub-identify-perl libsub-install-perl
  libsub-quote-perl libsyntax-keyword-try-perl libterm-readkey-perl libtext-glob-perl
  libtext-levenshteinxs-perl libtext-markdown-discount-perl libtext-xslate-perl libtime-duration-perl
  libtime-moment-perl libunicode-utf8-perl libvariable-magic-perl libxs-parse-keyword-perl
  libyaml-libyaml-perl lintian linux-image-5.19.0-32-generic linux-modules-5.19.0-32-generic
  linux-modules-extra-5.19.0-32-generic patchutils t1utils
Обновлено 0 пакетов, установлено 0 новых пакетов, для удаления отмечено 95 пакетов, и 235 пакетов не обновлено.
После данной операции объём занятого дискового пространства уменьшится на 651 MB.
Хотите продолжить? [Д/н] y
(Чтение базы данных … на данный момент установлено 260674 файла и каталога.)
Удаляется lintian (2.114.0ubuntu1.2) …
Удаляется diffstat (1.64-1build2) …
Удаляется gdebi-core (0.9.5.7+nmu6) …
Удаляется intltool-debian (0.35.0+20060710.5) …
Удаляется gettext (0.21-4ubuntu4) …
Удаляется libdata-dpath-perl (0.58-1) …
Удаляется libaliased-perl (0.34-1.1) …
Удаляется libapt-pkg-perl (0.1.40build2) …
Удаляется libarchive-zip-perl (1.68-1) …
Удаляется libnamespace-clean-perl (0.27-1) …
Удаляется libb-hooks-endofscope-perl (0.25-1) …
Удаляется libpackage-stash-perl (0.39-1) …
Удаляется liblist-someutils-xs-perl (0.58-2build3) …
Удаляется liblist-someutils-perl (0.58-1) …
Удаляется libmodule-implementation-perl (0.09-1.1) …
Удаляется libmoox-aliases-perl (0.001006-1.1) …
Удаляется libmoo-perl (2.005004-3) …
Удаляется libimport-into-perl (1.002005-1) …
Удаляется libmodule-runtime-perl (0.016-1) …
Удаляется libparams-classify-perl (0.015-1build5) …
Удаляется libdevel-callchecker-perl (0.008-1ubuntu4) …
Удаляется libb-hooks-op-check-perl (0.22-1build5) …
Удаляется libcapture-tiny-perl (0.48-1) …
Удаляется libiterator-util-perl (0.02+ds1-1.1) …
Удаляется libiterator-perl (0.03+ds1-1.1) …
Удаляется libexception-class-perl (1.45-1) …
Удаляется libclass-data-inheritable-perl (0.08-3) …
Удаляется librole-tiny-perl (2.002004-1) …
Удаляется libclass-method-modifiers-perl (2.13-1) …
Удаляется libclass-xsaccessor-perl (1.19-3build9) …
Удаляется libconfig-tiny-perl (2.28-1) …
Удаляется libconst-fast-perl (0.014-1.1) …
Удаляется libjson-maybexs-perl (1.004003-1) …
Удаляется libcpanel-json-xs-perl:amd64 (4.27-1build1) …
Удаляется libtext-xslate-perl:amd64 (3.5.9-1build1) …
Удаляется libdata-messagepack-perl (1.01-2build1) …
Удаляется libsub-exporter-perl (0.988-1) …
Удаляется libdata-optlist-perl (0.112-1) …
Удаляется libdata-validate-uri-perl (0.07-2) …
Удаляется libdata-validate-domain-perl (0.10-1.1) …
Удаляется libdata-validate-ip-perl (0.30-1) …
Удаляется libdevel-size-perl (0.83-1build4) …
Удаляется libdevel-stacktrace-perl (2.0400-1) …
Удаляется libdynaloader-functions-perl (0.003-1.1) …
Удаляется libemail-address-xs-perl (1.04-1build6) …
Удаляется liblist-moreutils-perl (0.430-2) …
Удаляется libexporter-tiny-perl (1.002002-1) …
Удаляется libfile-find-rule-perl (0.34-1) …
Удаляется libfont-ttf-perl (1.06-1.1) …
Удаляется libhtml-html5-entities-perl (0.004-1.1) …
Удаляется libio-interactive-perl (1.023-1) …
Удаляется libio-prompt-tiny-perl (0.003-1) …
Удаляется libio-string-perl (1.08-3.1) …
Удаляется libipc-run3-perl (0.048-2) …
Удаляется liblist-compare-perl (0.55-1) …
Удаляется liblist-moreutils-xs-perl (0.430-2build2) …
Удаляется liblist-utilsby-perl (0.11-1) …
Удаляется libtext-markdown-discount-perl:amd64 (0.13-1build1) …
Удаляется libmarkdown2:amd64 (2.2.7-2) …
Удаляется libmath-base85-perl (0.5+dfsg-1) …
Удаляется libmouse-perl (2.5.10-1build4) …
Удаляется libnet-domain-tld-perl (1.75-1.1) …
Удаляется libnet-ipv6addr-perl (1.02-1) …
Удаляется libnet-netmask-perl (2.0001-1) …
Удаляется libnetaddr-ip-perl (4.079+dfsg-1build7) …
Удаляется libnumber-compare-perl (0.03-2) …
Удаляется libpackage-stash-xs-perl (0.29-1build5) …
Удаляется libparams-util-perl (1.102-1build3) …
Удаляется libpath-tiny-perl (0.122-1) …
Удаляется libperlio-gzip-perl (0.19-1build8) …
Удаляется libperlio-utf8-strict-perl (0.009-1build1) …
Удаляется libproc-processtable-perl:amd64 (0.634-1build1) …
Удаляется libsereal-decoder-perl (4.023+ds-1) …
Удаляется libsereal-encoder-perl:amd64 (4.023+ds-1) …
Удаляется libsort-versions-perl (1.62-1) …
Удаляется libstrictures-perl (2.000006-1) …
Удаляется libsub-exporter-progressive-perl (0.001013-1) …
Удаляется libsub-identify-perl (0.14-1build5) …
Удаляется libsub-install-perl (0.928-1.1) …
Удаляется libsub-quote-perl (2.006006-1) …
Удаляется libsyntax-keyword-try-perl (0.26-1build1) …
Удаляется libterm-readkey-perl (2.38-1build4) …
Удаляется libtext-glob-perl (0.11-2) …
Удаляется libtext-levenshteinxs-perl (0.03-4build10) …
Удаляется libtime-duration-perl (1.21-1) …
Удаляется libtime-moment-perl (0.44-1build6) …
Удаляется libunicode-utf8-perl (0.62-1build4) …
Удаляется libvariable-magic-perl (0.62-1build5) …
Удаляется libxs-parse-keyword-perl (0.21-1build1) …
Удаляется libyaml-libyaml-perl (0.83+ds-1build1) …
Удаляется linux-image-5.19.0-32-generic (5.19.0-32.33~22.04.1) …
/etc/kernel/postrm.d/initramfs-tools:
update-initramfs: Deleting /boot/initrd.img-5.19.0-32-generic
/etc/kernel/postrm.d/zz-update-grub:
Sourcing file `/etc/default/grub'
Sourcing file `/etc/default/grub.d/init-select.cfg'
Generating grub configuration file ...
Found linux image: /boot/vmlinuz-5.19.0-45-generic
Found initrd image: /boot/initrd.img-5.19.0-45-generic
Found linux image: /boot/vmlinuz-5.19.0-43-generic
Found initrd image: /boot/initrd.img-5.19.0-43-generic
Found memtest86+ image: /boot/memtest86+.elf
Found memtest86+ image: /boot/memtest86+.bin
Warning: os-prober will not be executed to detect other bootable partitions.
Systems on them will not be added to the GRUB boot configuration.
Check GRUB_DISABLE_OS_PROBER documentation entry.
done
Удаляется linux-modules-extra-5.19.0-32-generic (5.19.0-32.33~22.04.1) …
Удаляется linux-modules-5.19.0-32-generic (5.19.0-32.33~22.04.1) …
Удаляется patchutils (0.4.2-1build2) …
Удаляется t1utils (1.41-4build2) …
Обрабатываются триггеры для man-db (2.10.2-1) …
Обрабатываются триггеры для install-info (6.8-4build1) …
Обрабатываются триггеры для libc-bin (2.35-0ubuntu3.1) …

